20:52:42 **** Incremental Build of configuration Debug for project 00-led-blink-baseline ****
make -j8 all 
arm-none-eabi-gcc "../Core/Src/main.c" -mcpu=cortex-m4 -std=gnu11 -g3 -DDEBUG -DUSE_HAL_DRIVER -DSTM32F446xx -c -I../Core/Inc -I../Drivers/STM32F4xx_HAL_Driver/Inc -I../Drivers/STM32F4xx_HAL_Driver/Inc/Legacy -I../Drivers/CMSIS/Device/ST/STM32F4xx/Include -I../Drivers/CMSIS/Include -O0 -ffunction-sections -fdata-sections -Wall -fstack-usage -fcyclomatic-complexity -MMD -MP -MF"Core/Src/main.d" -MT"Core/Src/main.o" --specs=nano.specs -mfpu=fpv4-sp-d16 -mfloat-abi=hard -mthumb -o "Core/Src/main.o"
arm-none-eabi-gcc -o "00-led-blink-baseline.elf" @"objects.list"   -mcpu=cortex-m4 -T"C:\Users\sangw\Embedded Systems\stm32-practice-projects\00-led-blink-baseline\STM32F446RETX_FLASH.ld" --specs=nosys.specs -Wl,-Map="00-led-blink-baseline.map" -Wl,--gc-sections -static --specs=nano.specs -mfpu=fpv4-sp-d16 -mfloat-abi=hard -mthumb -Wl,--start-group -lc -lm -Wl,--end-group
Finished building target: 00-led-blink-baseline.elf
 
arm-none-eabi-size  00-led-blink-baseline.elf 
arm-none-eabi-objdump -h -S 00-led-blink-baseline.elf  > "00-led-blink-baseline.list"
   text	   data	    bss	    dec	    hex	filename
   6900	     12	   1572	   8484	   2124	00-led-blink-baseline.elf
Finished building: default.size.stdout
 
Finished building: 00-led-blink-baseline.list
 
20:52:46 **** Incremental Build of configuration Debug for project 00-led-blink-baseline ****
make -j8 all 
arm-none-eabi-size  00-led-blink-baseline.elf 
   text	   data	    bss	    dec	    hex	filename
   6900	     12	   1572	   8484	   2124	00-led-blink-baseline.elf
Finished building: default.size.stdout
 
